docker run -d -p :port image name
docker-compose up --build 
rm -rf backend.ml(for delete any file)


cd /etc/nginx/sites-enabled/
ls
vim backend.ml ==================> for reverse proxy  (server {
    listen 80;
    server_name terakarachi.com ==> (domainname;

    location / {

        proxy_pass http://18.191.246.31:9000 ==>(ip of aws);
    }
}


nginx: configuration file /etc/nginx/nginx.conf test is successful  (((( nginx -t ))))))




sudo apt install certbot python3-certbot-nginx ( for ssl)
sudo certbot --nginx -d terakarachi.com

























cmd of reverse proxy  and ssl


Microsoft Windows [Version 10.0.19044.2364]
(c) Microsoft Corporation. All rights reserved.

C:\Users\LENOVO>ssh root@18.191.246.31
root@18.191.246.31's password:
Welcome to Ubuntu 22.04.1 LTS (GNU/Linux 5.15.0-1026-aws x86_64)

 * Documentation:  https://help.ubuntu.com
 * Management:     https://landscape.canonical.com
 * Support:        https://ubuntu.com/advantage

  System information as of Wed Jan  4 10:19:04 UTC 2023

  System load:                      0.0
  Usage of /:                       11.8% of 28.89GB
  Memory usage:                     44%
  Swap usage:                       0%
  Processes:                        114
  Users logged in:                  0
  IPv4 address for br-02d4784bd86e: 172.19.0.1
  IPv4 address for docker0:         172.17.0.1
  IPv4 address for eth0:            172.31.47.242

 * Ubuntu Pro delivers the most comprehensive open source security and
   compliance features.

   https://ubuntu.com/aws/pro

11 updates can be applied immediately.
To see these additional updates run: apt list --upgradable


Last login: Tue Jan  3 14:45:48 2023 from 118.103.233.78
root@ip-172-31-47-242:~# ls
Chrome  aliases  backend  snap
root@ip-172-31-47-242:~# cd /etc/nginx/sites-enabled/
root@ip-172-31-47-242:/etc/nginx/sites-enabled# ls
default
root@ip-172-31-47-242:/etc/nginx/sites-enabled# vim backend.ml
root@ip-172-31-47-242:/etc/nginx/sites-enabled# ls
backend.ml  default
root@ip-172-31-47-242:/etc/nginx/sites-enabled# rm -rf backend.ml
root@ip-172-31-47-242:/etc/nginx/sites-enabled# vim backend.ml
root@ip-172-31-47-242:/etc/nginx/sites-enabled# root@ip-172-31-47-242:/etc/nginx/sites-enabled# nginx -t
nginx: [emerg] unknown directive "erver" in /etc/nginx/sites-enabled/backend.ml:1
nginx: configuration file /etc/nginx/nginx.conf test failed
root@ip-172-31-47-242:/etc/nginx/sites-enabled# vim backend.ml
root@ip-172-31-47-242:/etc/nginx/sites-enabled# nginx -t
nginx: the configuration file /etc/nginx/nginx.conf syntax is ok
nginx: configuration file /etc/nginx/nginx.conf test is successful
root@ip-172-31-47-242:/etc/nginx/sites-enabled# service nginx restart
root@ip-172-31-47-242:/etc/nginx/sites-enabled# sudo apt install certbot python3-certbot-nginx
Reading package lists... Done
Building dependency tree... Done
Reading state information... Done
The following additional packages will be installed:
  python3-acme python3-certbot python3-configargparse python3-icu python3-josepy python3-parsedatetime
  python3-requests-toolbelt python3-rfc3339 python3-zope.component python3-zope.event python3-zope.hookable
Suggested packages:
  python-certbot-doc python3-certbot-apache python-acme-doc python-certbot-nginx-doc
The following NEW packages will be installed:
  certbot python3-acme python3-certbot python3-certbot-nginx python3-configargparse python3-icu python3-josepy
  python3-parsedatetime python3-requests-toolbelt python3-rfc3339 python3-zope.component python3-zope.event
  python3-zope.hookable
0 upgraded, 13 newly installed, 0 to remove and 17 not upgraded.
Need to get 993 kB of archives.
After this operation, 5077 kB of additional disk space will be used.
Do you want to continue? [Y/n] y
Get:1 http://us-east-2.ec2.archive.ubuntu.com/ubuntu jammy/universe amd64 python3-josepy all 1.10.0-1 [22.0 kB]
Get:2 http://us-east-2.ec2.archive.ubuntu.com/ubuntu jammy/main amd64 python3-requests-toolbelt all 0.9.1-1 [38.0 kB]
Get:3 http://us-east-2.ec2.archive.ubuntu.com/ubuntu jammy/main amd64 python3-rfc3339 all 1.1-3 [7110 B]
Get:4 http://us-east-2.ec2.archive.ubuntu.com/ubuntu jammy/universe amd64 python3-acme all 1.21.0-1 [36.3 kB]
Get:5 http://us-east-2.ec2.archive.ubuntu.com/ubuntu jammy/universe amd64 python3-configargparse all 1.5.3-1 [26.9 kB]
Get:6 http://us-east-2.ec2.archive.ubuntu.com/ubuntu jammy/universe amd64 python3-parsedatetime all 2.6-2 [32.9 kB]
Get:7 http://us-east-2.ec2.archive.ubuntu.com/ubuntu jammy/universe amd64 python3-zope.hookable amd64 5.1.0-1build1 [11.6 kB]
Get:8 http://us-east-2.ec2.archive.ubuntu.com/ubuntu jammy/universe amd64 python3-zope.event all 4.4-3 [8180 B]
Get:9 http://us-east-2.ec2.archive.ubuntu.com/ubuntu jammy/universe amd64 python3-zope.component all 4.3.0-3 [38.3 kB]
Get:10 http://us-east-2.ec2.archive.ubuntu.com/ubuntu jammy/universe amd64 python3-certbot all 1.21.0-1build1 [175 kB]
Get:11 http://us-east-2.ec2.archive.ubuntu.com/ubuntu jammy/universe amd64 certbot all 1.21.0-1build1 [21.3 kB]
Get:12 http://us-east-2.ec2.archive.ubuntu.com/ubuntu jammy/universe amd64 python3-certbot-nginx all 1.21.0-1 [35.4 kB]
Get:13 http://us-east-2.ec2.archive.ubuntu.com/ubuntu jammy/main amd64 python3-icu amd64 2.8.1-0ubuntu2 [540 kB]
Fetched 993 kB in 0s (10.0 MB/s)
Preconfiguring packages ...
Selecting previously unselected package python3-josepy.
(Reading database ... 93675 files and directories currently installed.)
Preparing to unpack .../00-python3-josepy_1.10.0-1_all.deb ...
Unpacking python3-josepy (1.10.0-1) ...
Selecting previously unselected package python3-requests-toolbelt.
Preparing to unpack .../01-python3-requests-toolbelt_0.9.1-1_all.deb ...
Unpacking python3-requests-toolbelt (0.9.1-1) ...
Selecting previously unselected package python3-rfc3339.
Preparing to unpack .../02-python3-rfc3339_1.1-3_all.deb ...
Unpacking python3-rfc3339 (1.1-3) ...
Selecting previously unselected package python3-acme.
Preparing to unpack .../03-python3-acme_1.21.0-1_all.deb ...
Unpacking python3-acme (1.21.0-1) ...
Selecting previously unselected package python3-configargparse.
Preparing to unpack .../04-python3-configargparse_1.5.3-1_all.deb ...
Unpacking python3-configargparse (1.5.3-1) ...
Selecting previously unselected package python3-parsedatetime.
Preparing to unpack .../05-python3-parsedatetime_2.6-2_all.deb ...
Unpacking python3-parsedatetime (2.6-2) ...
Selecting previously unselected package python3-zope.hookable.
Preparing to unpack .../06-python3-zope.hookable_5.1.0-1build1_amd64.deb ...
Unpacking python3-zope.hookable (5.1.0-1build1) ...
Selecting previously unselected package python3-zope.event.
Preparing to unpack .../07-python3-zope.event_4.4-3_all.deb ...
Unpacking python3-zope.event (4.4-3) ...
Selecting previously unselected package python3-zope.component.
Preparing to unpack .../08-python3-zope.component_4.3.0-3_all.deb ...
Unpacking python3-zope.component (4.3.0-3) ...
Selecting previously unselected package python3-certbot.
Preparing to unpack .../09-python3-certbot_1.21.0-1build1_all.deb ...
Unpacking python3-certbot (1.21.0-1build1) ...
Selecting previously unselected package certbot.
Preparing to unpack .../10-certbot_1.21.0-1build1_all.deb ...
Unpacking certbot (1.21.0-1build1) ...
Selecting previously unselected package python3-certbot-nginx.
Preparing to unpack .../11-python3-certbot-nginx_1.21.0-1_all.deb ...
Unpacking python3-certbot-nginx (1.21.0-1) ...
Selecting previously unselected package python3-icu.
Preparing to unpack .../12-python3-icu_2.8.1-0ubuntu2_amd64.deb ...
Unpacking python3-icu (2.8.1-0ubuntu2) ...
Setting up python3-configargparse (1.5.3-1) ...
Setting up python3-requests-toolbelt (0.9.1-1) ...
Setting up python3-parsedatetime (2.6-2) ...
Setting up python3-icu (2.8.1-0ubuntu2) ...
Setting up python3-zope.event (4.4-3) ...
Setting up python3-zope.hookable (5.1.0-1build1) ...
Setting up python3-josepy (1.10.0-1) ...
Setting up python3-rfc3339 (1.1-3) ...
Setting up python3-zope.component (4.3.0-3) ...
Setting up python3-acme (1.21.0-1) ...
Setting up python3-certbot (1.21.0-1build1) ...
Setting up certbot (1.21.0-1build1) ...
Created symlink /etc/systemd/system/timers.target.wants/certbot.timer â†’ /lib/systemd/system/certbot.timer.
Setting up python3-certbot-nginx (1.21.0-1) ...
Processing triggers for man-db (2.10.2-1) ...
Scanning processes...
Scanning linux images...

Running kernel seems to be up-to-date.

No services need to be restarted.

No containers need to be restarted.

No user sessions are running outdated binaries.

No VM guests are running outdated hypervisor (qemu) binaries on this host.
root@ip-172-31-47-242:/etc/nginx/sites-enabled# sudo certbot --nginx -d terakarachi.com
Saving debug log to /var/log/letsencrypt/letsencrypt.log
Enter email address (used for urgent renewal and security notices)
 (Enter 'c' to cancel): admin@gmail.com

- - - - - - - - - - - - - - - - - - - - - - - - - - - - - - - - - - - - - - - -
Please read the Terms of Service at
https://letsencrypt.org/documents/LE-SA-v1.3-September-21-2022.pdf. You must
agree in order to register with the ACME server. Do you agree?
- - - - - - - - - - - - - - - - - - - - - - - - - - - - - - - - - - - - - - - -
(Y)es/(N)o: yes

- - - - - - - - - - - - - - - - - - - - - - - - - - - - - - - - - - - - - - - -
Would you be willing, once your first certificate is successfully issued, to
share your email address with the Electronic Frontier Foundation, a founding
partner of the Let's Encrypt project and the non-profit organization that
develops Certbot? We'd like to send you email about our work encrypting the web,
EFF news, campaigns, and ways to support digital freedom.
- - - - - - - - - - - - - - - - - - - - - - - - - - - - - - - - - - - - - - - -
(Y)es/(N)o: no
Account registered.
Requesting a certificate for terakarachi.com

Successfully received certificate.
Certificate is saved at: /etc/letsencrypt/live/terakarachi.com/fullchain.pem
Key is saved at:         /etc/letsencrypt/live/terakarachi.com/privkey.pem
This certificate expires on 2023-04-04.
These files will be updated when the certificate renews.
Certbot has set up a scheduled task to automatically renew this certificate in the background.

Deploying certificate
Successfully deployed certificate for terakarachi.com to /etc/nginx/sites-enabled/backend.ml
Congratulations! You have successfully enabled HTTPS on https://terakarachi.com

- - - - - - - - - - - - - - - - - - - - - - - - - - - - - - - - - - - - - - - -
If you like Certbot, please consider supporting our work by:
 * Donating to ISRG / Let's Encrypt:   https://letsencrypt.org/donate
 * Donating to EFF:                    https://eff.org/donate-le
- - - - - - - - - - - - - - - - - - - - - - - - - - - - - - - - - - - - - - - -
root@ip-172-31-47-242:/etc/nginx/sites-enabled# client_loop: send disconnect: Connection reset

C:\Users\LENOVO>"("